['Dashboard server [User] [CreateUser] ✅ success create user by admin: create group-admin user 1']
SnapShot = """
{
  \"message\": \"Successfully created\",
  \"user\": {
    \"name\": \"create-user-admin-by-admin\",
    \"display_name\": \"create-user-admin-by-admin\",
    \"roles\": [
      \"team-admin\"
    ],
    \"auth_type\": \"kosmo-secret\",
    \"default_password\": \"xxxxxxxx\"
  }
}
"""

['Dashboard server [User] [CreateUser] ✅ success create user by admin: create group-admin user 2']
SnapShot = """
{
  \"Name\": \"create-user-admin-by-admin\",
  \"Namespace\": \"\",
  \"Spec\": {
    \"displayName\": \"create-user-admin-by-admin\",
    \"roles\": [
      {
        \"name\": \"team-admin\"
      }
    ],
    \"authType\": \"kosmo-secret\"
  },
  \"Status\": {
    \"namespace\": {}
  }
}
"""

['Dashboard server [User] [CreateUser] ✅ success create user by admin: create group-admin user 3']
SnapShot = """
{
  \"message\": \"Successfully created\",
  \"user\": {
    \"name\": \"create-user-admin-by-admin\",
    \"display_name\": \"create-user-admin-by-admin\",
    \"roles\": [
      \"team-developer\",
      \"team-etc\"
    ],
    \"auth_type\": \"kosmo-secret\",
    \"default_password\": \"xxxxxxxx\"
  }
}
"""

['Dashboard server [User] [CreateUser] ✅ success create user by admin: create group-admin user 4']
SnapShot = """
{
  \"Name\": \"create-user-admin-by-admin\",
  \"Namespace\": \"\",
  \"Spec\": {
    \"displayName\": \"create-user-admin-by-admin\",
    \"roles\": [
      {
        \"name\": \"team-developer\"
      },
      {
        \"name\": \"team-etc\"
      }
    ],
    \"authType\": \"kosmo-secret\"
  },
  \"Status\": {
    \"namespace\": {}
  }
}
"""

['Dashboard server [User] [CreateUser] ✅ success create user by admin: create group-developer user 1']
SnapShot = """
{
  \"message\": \"Successfully created\",
  \"user\": {
    \"name\": \"create-user-team-by-admin\",
    \"display_name\": \"create-user-team-by-admin\",
    \"roles\": [
      \"team-developer\"
    ],
    \"auth_type\": \"kosmo-secret\",
    \"default_password\": \"xxxxxxxx\"
  }
}
"""

['Dashboard server [User] [CreateUser] ✅ success create user by admin: create group-developer user 2']
SnapShot = """
{
  \"Name\": \"create-user-team-by-admin\",
  \"Namespace\": \"\",
  \"Spec\": {
    \"displayName\": \"create-user-team-by-admin\",
    \"roles\": [
      {
        \"name\": \"team-developer\"
      }
    ],
    \"authType\": \"kosmo-secret\"
  },
  \"Status\": {
    \"namespace\": {}
  }
}
"""

['Dashboard server [User] [CreateUser] ✅ success create user by privileged role: create normal user 1']
SnapShot = """
{
  \"message\": \"Successfully created\",
  \"user\": {
    \"name\": \"create-user-by-priv\",
    \"display_name\": \"create 1\",
    \"roles\": [
      \"team-a\",
      \"team-b\"
    ],
    \"auth_type\": \"kosmo-secret\",
    \"addons\": [
      {
        \"template\": \"user-tmpl1\",
        \"vars\": {
          \"HOGE\": \"FUGA\"
        }
      }
    ],
    \"default_password\": \"xxxxxxxx\"
  }
}
"""

['Dashboard server [User] [CreateUser] ✅ success create user by privileged role: create normal user 2']
SnapShot = """
{
  \"Name\": \"create-user-by-priv\",
  \"Namespace\": \"\",
  \"Spec\": {
    \"displayName\": \"create 1\",
    \"roles\": [
      {
        \"name\": \"team-a\"
      },
      {
        \"name\": \"team-b\"
      }
    ],
    \"authType\": \"kosmo-secret\",
    \"addons\": [
      {
        \"template\": {
          \"name\": \"user-tmpl1\"
        },
        \"vars\": {
          \"HOGE\": \"FUGA\"
        }
      }
    ]
  },
  \"Status\": {
    \"namespace\": {}
  }
}
"""

['Dashboard server [User] [CreateUser] ✅ success create user by privileged role: create privileged user 1']
SnapShot = """
{
  \"message\": \"Successfully created\",
  \"user\": {
    \"name\": \"create-user-priv-by-priv\",
    \"display_name\": \"create-user-priv-by-priv\",
    \"roles\": [
      \"cosmo-admin\"
    ],
    \"auth_type\": \"kosmo-secret\",
    \"default_password\": \"xxxxxxxx\"
  }
}
"""

['Dashboard server [User] [CreateUser] ✅ success create user by privileged role: create privileged user 2']
SnapShot = """
{
  \"Name\": \"create-user-priv-by-priv\",
  \"Namespace\": \"\",
  \"Spec\": {
    \"displayName\": \"create-user-priv-by-priv\",
    \"roles\": [
      {
        \"name\": \"cosmo-admin\"
      }
    ],
    \"authType\": \"kosmo-secret\"
  },
  \"Status\": {
    \"namespace\": {}
  }
}
"""

['Dashboard server [User] [CreateUser] ✅ success create user by privileged role: create user with namespace creation short delay before timeout 1']
SnapShot = """
{
  \"message\": \"Successfully created\",
  \"user\": {
    \"name\": \"create-user-with-delay\",
    \"display_name\": \"create-user-with-delay\",
    \"auth_type\": \"kosmo-secret\",
    \"default_password\": \"xxxxxxxx\"
  }
}
"""

['Dashboard server [User] [CreateUser] ✅ success create user by privileged role: create user with namespace creation short delay before timeout 2']
SnapShot = """
{
  \"Name\": \"create-user-with-delay\",
  \"Namespace\": \"\",
  \"Spec\": {
    \"displayName\": \"create-user-with-delay\",
    \"authType\": \"kosmo-secret\"
  },
  \"Status\": {
    \"namespace\": {}
  }
}
"""

['Dashboard server [User] [CreateUser] ✅ success create user by privileged role: create user with only name 1']
SnapShot = """
{
  \"message\": \"Successfully created\",
  \"user\": {
    \"name\": \"create-user-only-name\",
    \"display_name\": \"create-user-only-name\",
    \"auth_type\": \"kosmo-secret\",
    \"default_password\": \"xxxxxxxx\"
  }
}
"""

['Dashboard server [User] [CreateUser] ✅ success create user by privileged role: create user with only name 2']
SnapShot = """
{
  \"Name\": \"create-user-only-name\",
  \"Namespace\": \"\",
  \"Spec\": {
    \"displayName\": \"create-user-only-name\",
    \"authType\": \"kosmo-secret\"
  },
  \"Status\": {
    \"namespace\": {}
  }
}
"""

['Dashboard server [User] [CreateUser] ❌ fail to create password timeout Entry: priv-user, user_name:"create-user-no-namespace" 1']
SnapShot = 'unavailable: 503 Service Unavailable'

['Dashboard server [User] [CreateUser] ❌ fail with authorization by role: admin user cannot create user including other roles 1']
SnapShot = 'permission_denied'

['Dashboard server [User] [CreateUser] ❌ fail with authorization by role: normal user cannot create user 1']
SnapShot = 'unavailable: 503 Service Unavailable'

['Dashboard server [User] [CreateUser] ❌ fail with invalid request: including invalid charactor in username 1']
SnapShot = 'unavailable: failed to create user'

['Dashboard server [User] [CreateUser] ❌ fail with invalid request: invalid auth type 1']
SnapShot = """
invalid_argument: 'authtype' is invalid"""

['Dashboard server [User] [CreateUser] ❌ fail with invalid request: no name 1']
SnapShot = 'unavailable: failed to create user'

['Dashboard server [User] [CreateUser] ❌ fail with invalid request: user already exist 1']
SnapShot = 'already_exists: user already exists'
